Nothing to build in platform 'platform'

03:55:08 **** Incremental Build of configuration Debug for project dma ****
make all 
make --no-print-directory pre-build
a9-linaro-pre-build-step
' '
make --no-print-directory main-build
'Building file: ../src/dma_bd/dma_bd.c'
'Invoking: ARM v7 gcc compiler'
arm-none-eabi-gcc -Wall -O0 -g3 -c -fmessage-length=0 -MT"src/dma_bd/dma_bd.o" -mcpu=cortex-a9 -mfpu=vfpv3 -mfloat-abi=hard -IC:/Users/Administrator/smvm-hlx/ZYNQ_PROJECT/vitis_2/platform/export/platform/sw/platform/standalone_domain/bspinclude/include -MMD -MP -MF"src/dma_bd/dma_bd.d" -MT"src/dma_bd/dma_bd.o" -o "src/dma_bd/dma_bd.o" "../src/dma_bd/dma_bd.c"
'Finished building: ../src/dma_bd/dma_bd.c'
' '
'Building file: ../src/lwip_app.c'
'Invoking: ARM v7 gcc compiler'
arm-none-eabi-gcc -Wall -O0 -g3 -c -fmessage-length=0 -MT"src/lwip_app.o" -mcpu=cortex-a9 -mfpu=vfpv3 -mfloat-abi=hard -IC:/Users/Administrator/smvm-hlx/ZYNQ_PROJECT/vitis_2/platform/export/platform/sw/platform/standalone_domain/bspinclude/include -MMD -MP -MF"src/lwip_app.d" -MT"src/lwip_app.o" -o "src/lwip_app.o" "../src/lwip_app.c"
../src/lwip_app.c: In function 'lwip_loop':
../src/lwip_app.c:278:4: warning: implicit declaration of function 'tcp_fasttmr' [-Wimplicit-function-declaration]
  278 |    tcp_fasttmr();
      |    ^~~~~~~~~~~
../src/lwip_app.c:282:4: warning: implicit declaration of function 'tcp_slowtmr' [-Wimplicit-function-declaration]
  282 |    tcp_slowtmr();
      |    ^~~~~~~~~~~
At top level:
../src/lwip_app.c:76:3: warning: 'pic_package' defined but not used [-Wunused-variable]
   76 | }*pic_package;
      |   ^~~~~~~~~~~
../src/lwip_app.c:71:3: warning: 'sen_pic' defined but not used [-Wunused-variable]
   71 | }*sen_pic;
      |   ^~~~~~~
../src/lwip_app.c:42:24: warning: 'udp8080_pcb' defined but not used [-Wunused-variable]
   42 | static struct udp_pcb *udp8080_pcb = NULL;
      |                        ^~~~~~~~~~~
'Finished building: ../src/lwip_app.c'
' '
'Building file: ../src/main.c'
'Invoking: ARM v7 gcc compiler'
arm-none-eabi-gcc -Wall -O0 -g3 -c -fmessage-length=0 -MT"src/main.o" -mcpu=cortex-a9 -mfpu=vfpv3 -mfloat-abi=hard -IC:/Users/Administrator/smvm-hlx/ZYNQ_PROJECT/vitis_2/platform/export/platform/sw/platform/standalone_domain/bspinclude/include -MMD -MP -MF"src/main.d" -MT"src/main.o" -o "src/main.o" "../src/main.c"
'Finished building: ../src/main.c'
' '
'Building target: dma.elf'
'Invoking: ARM v7 gcc linker'
arm-none-eabi-gcc -mcpu=cortex-a9 -mfpu=vfpv3 -mfloat-abi=hard -Wl,-build-id=none -specs=Xilinx.spec -Wl,-T -Wl,../src/lscript.ld -LC:/Users/Administrator/smvm-hlx/ZYNQ_PROJECT/vitis_2/platform/export/platform/sw/platform/standalone_domain/bsplib/lib -o "dma.elf"  ./src/dma_bd/dma_bd.o  ./src/lwip_app.o ./src/main.o ./src/platform.o ./src/platform_zynq.o ./src/zynq_interrupt.o   -Wl,--start-group,-lxil,-lgcc,-lc,--end-group -Wl,--start-group,-lxil,-llwip4,-lgcc,-lc,--end-group
'Finished building target: dma.elf'
' '
'Invoking: ARM v7 Print Size'
arm-none-eabi-size dma.elf  |tee "dma.elf.size"
   text	   data	    bss	    dec	    hex	filename
 107292	   3112	338745392	338855796	14328774	dma.elf
'Finished building: dma.elf.size'
' '
03:55:10 **** Incremental Build of configuration Debug for project dma_system ****
make all 
Generating bif file for the system project
generate_system_bif.bat 53721 C:/Users/Administrator/smvm-hlx/ZYNQ_PROJECT/vitis_2/platform/export/platform/platform.xpfm standalone_domain C:/Users/Administrator/smvm-hlx/ZYNQ_PROJECT/vitis_2/dma_system/Debug/system.bif
sdcard_gen --xpfm C:/Users/Administrator/smvm-hlx/ZYNQ_PROJECT/vitis_2/platform/export/platform/platform.xpfm --sys_config platform --bif C:/Users/Administrator/smvm-hlx/ZYNQ_PROJECT/vitis_2/dma_system/Debug/system.bif --bitstream C:/Users/Administrator/smvm-hlx/ZYNQ_PROJECT/vitis_2/dma/_ide/bitstream/top_design.bit --elf C:/Users/Administrator/smvm-hlx/ZYNQ_PROJECT/vitis_2/dma/Debug/dma.elf,ps7_cortexa9_0
creating BOOT.BIN using C:/Users/Administrator/smvm-hlx/ZYNQ_PROJECT/vitis_2/dma/_ide/bitstream/top_design.bit
Running C:/Xilinx/Vitis/2020.1/bin/bootgen  -image C:/Users/Administrator/smvm-hlx/ZYNQ_PROJECT/vitis_2/dma_system/Debug/sd_card_temp/boot.bif -w -o i BOOT.BIN
